// Jest Snapshot v1, https://goo.gl/fbAQLP

exports[`AddPoints renders 1`] = `
<div
  className="add-points"
  style={
    Object {
      "alignItems": "center",
      "borderLeft": "thin solid lightgray",
      "display": "flex",
      "flexFlow": "column",
      "height": "70vh",
      "justifyContent": "center",
      "width": "50%",
    }
  }
>
  <div>
    <div
      className="add-points-text"
      style={
        Object {
          "color": "#616161",
          "fontSize": "24px",
          "letterSpacing": "-0.15px",
          "lineHeight": "48px",
          "margin": "1em auto",
          "textAlign": "center",
        }
      }
    >
      Select points
    </div>
    <div
      className="values"
      style={
        Object {
          "display": "flex",
          "flexFlow": "row",
          "height": "45px",
          "justifyContent": "center",
          "listStyle": "none",
          "margin": "0 auto",
          "padding": "0",
          "width": "50%",
        }
      }
    >
      <div
        className="active-value"
        style={
          Object {
            "background": "#0ad4fa",
            "borderRadius": "100px",
            "cursor": "pointer",
            "height": "40px",
            "margin": "0 5px",
          }
        }
      >
        <div
          className="active-value-text"
          onClick={[Function]}
          style={
            Object {
              "alignItems": "center",
              "color": "#ffffff",
              "display": "flex",
              "fontSize": "1em",
              "height": "100%",
              "justifyContent": "center",
              "margin": "0 10px",
              "textAlign": "center",
            }
          }
        >
          1000
          <img
            alt="coin"
            className="coin"
            height="24px"
            src={Object {}}
            style={
              Object {
                "margin": "0 3px",
              }
            }
            width="24px"
          />
        </div>
      </div>
      <div
        className="value"
        onClick={[Function]}
        style={
          Object {
            "background": "#ededed",
            "borderRadius": "100px",
            "cursor": "pointer",
            "height": "40px",
            "margin": "0 10px",
          }
        }
      >
        <div
          className="valueText"
          style={
            Object {
              "alignItems": "center",
              "color": "#a3a3a3",
              "display": "flex",
              "fontSize": "1em",
              "height": "100%",
              "justifyContent": "center",
              "margin": "0 10px",
              "textAlign": "center",
            }
          }
        >
          5000
          <img
            alt="coin"
            className="coin"
            height="24px"
            src={Object {}}
            style={
              Object {
                "margin": "0 3px",
              }
            }
            width="24px"
          />
        </div>
      </div>
      <div
        className="value"
        onClick={[Function]}
        style={
          Object {
            "background": "#ededed",
            "borderRadius": "100px",
            "cursor": "pointer",
            "height": "40px",
            "margin": "0 10px",
          }
        }
      >
        <div
          className="valueText"
          style={
            Object {
              "alignItems": "center",
              "color": "#a3a3a3",
              "display": "flex",
              "fontSize": "1em",
              "height": "100%",
              "justifyContent": "center",
              "margin": "0 10px",
              "textAlign": "center",
            }
          }
        >
          7500
          <img
            alt="coin"
            className="coin"
            height="24px"
            src={Object {}}
            style={
              Object {
                "margin": "0 3px",
              }
            }
            width="24px"
          />
        </div>
      </div>
    </div>
  </div>
  <div
    className="reedem-buttom"
    onClick={[Function]}
    style={
      Object {
        "alignItems": "center",
        "backgroundImage": "linear-gradient(-180deg, #0ad4fa 0%, #25bbf1 100%)",
        "borderRadius": "5px",
        "cursor": "pointer",
        "display": "flex",
        "height": "42px",
        "justifyContent": "center",
        "margin": "40px auto",
        "width": "228px",
      }
    }
  >
    <p
      className="reedem-text"
      style={
        Object {
          "color": "white",
          "fontSize": "18px",
          "letterSpacing": "-0.04px",
          "textAlign": "center",
        }
      }
    >
      Add points
    </p>
  </div>
</div>
`;
