// Jest Snapshot v1, https://goo.gl/fbAQLP

exports[`Content Options renders 1`] = `
<div
  className="content-options"
  style={
    Object {
      "alignItems": "flex-start",
      "borderBottom": "solid 1px #d9d9d9",
      "display": "flex",
      "flexFlow": "column wrap",
      "height": "70px",
      "justifyContent": "flex-start",
      "margin": "0 auto",
      "maxWidth": "1176px",
    }
  }
>
  <div
    className="options"
    style={
      Object {
        "display": "flex",
      }
    }
  >
    <div
      className="products-count-options"
      style={
        Object {
          "alignItems": "center",
          "color": "#616161",
          "display": "flex",
          "fontSize": "24px",
          "justifyContent": "center",
          "letterSpacing": "-0.15px",
          "lineHeight": "48px",
          "textAlign": "left",
        }
      }
    >
      2 of 16 items
    </div>
    <div
      className="divider"
      style={
        Object {
          "background": "#d9d9d9",
          "height": "49px",
          "margin": "5px",
          "marginLeft": "23px",
          "width": "1px",
        }
      }
    />
    <div
      className="filters"
      style={
        Object {
          "display": "flex",
        }
      }
    >
      <p
        className="filters-label"
        style={
          Object {
            "alignItems": "center",
            "color": "#a3a3a3",
            "display": "flex",
            "fontSize": "24px",
            "justifyContent": "center",
            "letterSpacing": "-0.15px",
            "margin": "0",
            "marginLeft": "24px",
            "textAlign": "left",
            "userSelect": "none",
          }
        }
      >
        Sort by:
      </p>
      <ul
        className="filters"
        style={
          Object {
            "alignItems": "center",
            "display": "flex",
            "flexFlow": "row",
            "listStyle": "none",
            "margin": "0",
            "padding": "0",
          }
        }
      >
        <li
          className="filter"
          onClick={[Function]}
          style={
            Object {
              "background": "#ededed",
              "borderRadius": "100px",
              "cursor": "pointer",
              "height": "48px",
              "margin": "0 5px",
              "marginLeft": "2%",
              "userSelect": "none",
              "width": "163px",
            }
          }
        >
          <p
            className="filter-text"
            style={
              Object {
                "alignItems": "center",
                "color": "#a3a3a3",
                "display": "flex",
                "fontSize": "1em",
                "height": "100%",
                "justifyContent": "center",
                "margin": "0",
                "padding": "0 10px",
                "textAlign": "center",
                "userSelect": "none",
              }
            }
          >
            Most recent
          </p>
        </li>
        <li
          className="filter"
          onClick={[Function]}
          style={
            Object {
              "background": "#ededed",
              "borderRadius": "100px",
              "cursor": "pointer",
              "height": "48px",
              "margin": "0 5px",
              "marginLeft": "2%",
              "userSelect": "none",
              "width": "163px",
            }
          }
        >
          <p
            className="filter-text"
            style={
              Object {
                "alignItems": "center",
                "color": "#a3a3a3",
                "display": "flex",
                "fontSize": "1em",
                "height": "100%",
                "justifyContent": "center",
                "margin": "0",
                "padding": "0 10px",
                "textAlign": "center",
                "userSelect": "none",
              }
            }
          >
            Lowest price
          </p>
        </li>
        <li
          className="filter"
          onClick={[Function]}
          style={
            Object {
              "background": "#ededed",
              "borderRadius": "100px",
              "cursor": "pointer",
              "height": "48px",
              "margin": "0 5px",
              "marginLeft": "2%",
              "userSelect": "none",
              "width": "163px",
            }
          }
        >
          <p
            className="filter-text"
            style={
              Object {
                "alignItems": "center",
                "color": "#a3a3a3",
                "display": "flex",
                "fontSize": "1em",
                "height": "100%",
                "justifyContent": "center",
                "margin": "0",
                "padding": "0 10px",
                "textAlign": "center",
                "userSelect": "none",
              }
            }
          >
            Highest price
          </p>
        </li>
      </ul>
    </div>
  </div>
  <div
    className="controls"
    style={
      Object {
        "alignItems": "flex-start",
        "alignSelf": "flex-end",
        "display": "flex",
        "height": "100%",
      }
    }
  >
    <img
      alt="next"
      className="next"
      height="46px"
      onClick={[Function]}
      src={Object {}}
      style={
        Object {
          "cursor": "pointer",
          "margin": "0 5px",
          "userSelect": "none",
        }
      }
      width="46px"
    />
  </div>
</div>
`;
