// Jest Snapshot v1, https://goo.gl/fbAQLP

exports[`Message renders 1`] = `
<div
  className="message"
  style={
    Object {
      "alignItems": "center",
      "background": "white",
      "borderRadius": "50px",
      "bottom": "10px",
      "boxShadow": "2px 0px 5px rgba(150,150,150,.5)",
      "color": "rgb(10, 212, 250)",
      "display": "flex",
      "height": "50px",
      "justifyContent": "center",
      "position": "fixed",
      "right": "25px",
      "width": "250px",
      "zIndex": "200",
    }
  }
>
  Message displayed
</div>
`;
